exports[`test extractVariable 1`] = `
"let number = 5
number + 2"
`;

exports[`test extractVariable 2`] = `
"let number = 5 + 2
number"
`;

exports[`test extractVariable 3`] = `
"let number = 2
5 + number"
`;

exports[`test extractVariable 4`] = `
"let number = 5
if(number == 5) {
  \'abc\'
}"
`;

exports[`test extractVariable 5`] = `
"if(5 == 5) {
  let number = \'abc\'
number
}"
`;
