exports[`test extractVariable 1`] = `
"let number = 5
number + 2"
`;

exports[`test extractVariable 2`] = `
"let number = 2
5 + number"
`;

exports[`test extractVariable 3`] = `
"let string = \'abc\'
string + \'cde\'"
`;

exports[`test extractVariable 4`] = `
"const text = \'cde\'
\'abc\' + text"
`;

exports[`test extractVariable 5`] = `
"var varText = \'cde\'
\'abc\' + varText"
`;

exports[`test extractVariable 6`] = `
"let addition = \'abc\' + \'cde\'
addition"
`;
